[backblue.gif]
[fade.gif]
[index.html]
[kasakonsultants.com/wp-includes/css/classic-themes.min68b368b3.css]
[kasakonsultants.com/wp-content/themes/consultix/style36b636b6.css]
[kasakonsultants.com/wp-includes/js/jquery/jquery.mina7a0a7a0.js]
[kasakonsultants.com/wp-includes/js/jquery/jquery-migrate.mind617d617.js]
[kasakonsultants.com/wp-content/plugins/revslider/public/assets/js/rbtools.min3f213f21.js]
[kasakonsultants.com/wp-content/plugins/revslider/public/assets/js/rs6.min3f213f21.js]
[kasakonsultants.com/wp-content/plugins/woocommerce/assets/js/jquery-blockui/jquery.blockUI.min8bd88bd8.js]
[kasakonsultants.com/wp-content/plugins/woocommerce/assets/js/frontend/add-to-cart.mincb57cb57.js]
[kasakonsultants.com/wp-content/plugins/js_composer/assets/js/vendors/woocommerce-add-to-cart9b2d9b2d.js]
[kasakonsultants.com/wp-content/themes/consultix/js/retina.min68b368b3.js]
[kasakonsultants.com/wp-json/wp/v2/pages/293.json]
[kasakonsultants.com/wp-includes/wlwmanifest.xml]
[kasakonsultants.com/wp-json/oembed/1.0/embedd617d617.json]
[kasakonsultants.com/wp-json/oembed/1.0/embed920b920b]
[kasakonsultants.com/wp-content/uploads/2020/10/cropped-Favicon-2-32x32.png]
[kasakonsultants.com/wp-content/uploads/2020/10/cropped-Favicon-2-192x192.png]
[kasakonsultants.com/wp-content/uploads/2020/10/cropped-Favicon-2-180x180.png]
[kasakonsultants.com/wp-content/uploads/2020/10/bg-image-1-1.jpg]
[kasakonsultants.com/wp-content/uploads/2018/03/background-right29442944.jpg]
[www.isefconsult.com/finance/wp-content/uploads/2018/03/background-2449b.jpg]
[kasakonsultants.com/kasa-logo.png]
[kasakonsultants.com/wp-content/uploads/2020/10/Risk-Management-Policies-In-Financial-Services.jpg]
[kasakonsultants.com/wp-content/uploads/2020/10/financial-services-1.jpg]
[kasakonsultants.com/wp-content/uploads/2018/03/Software-Research-1-1.png]
[kasakonsultants.com/wp-content/uploads/2018/03/Business-Analytics-1-1.png]
[kasakonsultants.com/wp-content/uploads/2018/03/Industrial-Analysis-1-1.png]
[kasakonsultants.com/wp-content/uploads/2018/03/Separator-Image-Red-1.png]
[kasakonsultants.com/wp-content/uploads/2018/03/1.jpg]
[kasakonsultants.com/wp-content/uploads/2018/03/2.jpg]
[kasakonsultants.com/wp-content/uploads/2018/03/icon1.png]
[kasakonsultants.com/wp-content/uploads/2018/03/icon2.png]
[kasakonsultants.com/wp-content/uploads/2018/03/icon3.png]
[kasakonsultants.com/wp-content/plugins/contact-form-7/includes/swv/js/index9f319f31.js]
[kasakonsultants.com/wp-content/plugins/contact-form-7/includes/js/index9f319f31.js]
[kasakonsultants.com/wp-content/plugins/radiantthemes-mega-menu/assets/js/rt-megamenu36b636b6.js]
[kasakonsultants.com/wp-content/plugins/responsive-accordion-and-collapse/js/accordion-custom36b636b6.js]
[kasakonsultants.com/wp-content/plugins/responsive-accordion-and-collapse/js/accordion36b636b6.js]
[kasakonsultants.com/wp-content/plugins/woocommerce/assets/js/js-cookie/js.cookie.min5f135f13.js]
[kasakonsultants.com/wp-content/plugins/woocommerce/assets/js/frontend/woocommerce.mincb57cb57.js]
[kasakonsultants.com/wp-content/plugins/woocommerce/assets/js/frontend/cart-fragments.mincb57cb57.js]
[kasakonsultants.com/wp-content/themes/consultix/js/bootstrap.min36b636b6.js]
[kasakonsultants.com/wp-content/themes/consultix/js/jquery.sidr.min36b636b6.js]
[kasakonsultants.com/wp-content/themes/consultix/js/jquery.matchHeight-min36b636b6.js]
[kasakonsultants.com/wp-content/themes/consultix/js/wow.min36b636b6.js]
[kasakonsultants.com/wp-content/themes/consultix/js/jquery.nicescroll.min36b636b6.js]
[kasakonsultants.com/wp-content/themes/consultix/js/jquery.sticky.min36b636b6.js]
[kasakonsultants.com/wp-content/themes/consultix/js/radiantthemes-custom36b636b6.js]
[kasakonsultants.com/wp-content/plugins/js_composer/assets/js/dist/js_composer_front.min9b2d9b2d.js]
[kasakonsultants.com/wp-content/plugins/js_composer/assets/lib/vc_waypoints/vc-waypoints.min9b2d9b2d.js]
[kasakonsultants.com/wp-content/plugins/mailchimp-for-wp/assets/js/formse506e506.js]
[kasakonsultants.com/index.html]
[kasakonsultants.com/feed/index.html]
[kasakonsultants.com/comments/feed/index.html]
[kasakonsultants.com/events/indexedf3edf3.html]
[kasakonsultants.com/wp-includes/css/dist/block-library/style.min36b636b6.css]
[kasakonsultants.com/wp-content/plugins/woocommerce/packages/woocommerce-blocks/build/wc-blocks-vendors-style1da81da8.css]
[kasakonsultants.com/wp-content/plugins/woocommerce/packages/woocommerce-blocks/build/wc-blocks-style1da81da8.css]
[kasakonsultants.com/wp-content/themes/consultix/css/radiantthemes-gutenberg-blocksb2bfb2bf.css]
[kasakonsultants.com/wp-includes/css/classic-themes.min68b368b3.css]
[kasakonsultants.com/wp-content/plugins/contact-form-7/includes/css/styles9f319f31.css]
[kasakonsultants.com/wp-includes/fonts/dashicons7d4b7d4b.eot]
[kasakonsultants.com/wp-includes/fonts/dashicons7d4b7d4b.ttf]
[kasakonsultants.com/wp-includes/css/dashicons.min36b636b6.css]
[kasakonsultants.com/wp-content/plugins/everest-forms/assets/fonts/EverestForms60fd60fd.eot]
[kasakonsultants.com/wp-content/plugins/everest-forms/assets/fonts/EverestForms60fd60fd.ttf]
[kasakonsultants.com/wp-content/plugins/everest-forms/assets/fonts/EverestForms60fd60fd.woff]
[kasakonsultants.com/wp-content/plugins/everest-forms/assets/css/everest-formsed19ed19.css]
[kasakonsultants.com/wp-content/plugins/radiantthemes-addons/widget/contact-box/css/consultix-contact-box.css]
[kasakonsultants.com/wp-content/plugins/radiantthemes-addons/widget/recent-posts/css/consultix-recent-post-with-thumbnail-element-one.css]
[kasakonsultants.com/wp-content/plugins/radiantthemes-mega-menu/assets/css/rt-megamenu36b636b6.css]
[kasakonsultants.com/wp-content/plugins/responsive-accordion-and-collapse/css/font-awesome/fonts/fontawesome-webfont862f862f.eot]
[kasakonsultants.com/wp-content/plugins/responsive-accordion-and-collapse/css/font-awesome/fonts/fontawesome-webfontd41dd41d.eot]
[kasakonsultants.com/wp-content/plugins/responsive-accordion-and-collapse/css/font-awesome/fonts/fontawesome-webfont862f862f.woff]
[kasakonsultants.com/wp-content/plugins/responsive-accordion-and-collapse/css/font-awesome/fonts/fontawesome-webfont862f862f.ttf]
[kasakonsultants.com/wp-content/plugins/responsive-accordion-and-collapse/css/font-awesome/css/font-awesome.min36b636b6.css]
[kasakonsultants.com/wp-content/plugins/responsive-accordion-and-collapse/css/bootstrap-front36b636b6.css]
[kasakonsultants.com/wp-content/plugins/revslider/public/assets/fonts/revicons/revicons90c690c6.eot]
[kasakonsultants.com/wp-content/plugins/revslider/public/assets/fonts/revicons/revicons90c690c6.woff]
[kasakonsultants.com/wp-content/plugins/revslider/public/assets/fonts/revicons/revicons90c690c6.ttf]
[kasakonsultants.com/wp-content/plugins/revslider/public/assets/assets/gridtile.png]
[kasakonsultants.com/wp-content/plugins/revslider/public/assets/assets/gridtile_white.png]
[kasakonsultants.com/wp-content/plugins/revslider/public/assets/assets/gridtile_3x3.png]
[kasakonsultants.com/wp-content/plugins/revslider/public/assets/assets/gridtile_3x3_white.png]
[kasakonsultants.com/wp-content/plugins/revslider/public/assets/assets/coloredbg.png]
[kasakonsultants.com/wp-content/plugins/revslider/public/assets/assets/loader.gif]
[kasakonsultants.com/wp-content/plugins/revslider/public/assets/css/rs63f213f21.css]
[kasakonsultants.com/wp-content/plugins/woocommerce/assets/css/woocommerce-layoutcb57cb57.css]
[kasakonsultants.com/wp-content/plugins/woocommerce/assets/css/woocommerce-smallscreencb57cb57.css]
[kasakonsultants.com/wp-content/plugins/woocommerce/assets/fonts/star.eot]
[kasakonsultants.com/wp-content/plugins/woocommerce/assets/fonts/stard41dd41d.eot]
[kasakonsultants.com/wp-content/plugins/woocommerce/assets/fonts/star.woff]
[kasakonsultants.com/wp-content/plugins/woocommerce/assets/fonts/star.ttf]
[kasakonsultants.com/wp-content/plugins/woocommerce/assets/fonts/WooCommerce.eot]
[kasakonsultants.com/wp-content/plugins/woocommerce/assets/fonts/WooCommerced41dd41d.eot]
[kasakonsultants.com/wp-content/plugins/woocommerce/assets/fonts/WooCommerce.woff]
[kasakonsultants.com/wp-content/plugins/woocommerce/assets/fonts/WooCommerce.ttf]
[kasakonsultants.com/wp-content/plugins/woocommerce/assets/css/woocommercecb57cb57.css]
[kasakonsultants.com/wp-content/themes/consultix/fonts/glyphicons-halflings-regular.eot]
[kasakonsultants.com/wp-content/themes/consultix/fonts/glyphicons-halflings-regulard41dd41d.eot]
[kasakonsultants.com/wp-content/themes/consultix/fonts/glyphicons-halflings-regular.woff2]
[kasakonsultants.com/wp-content/themes/consultix/fonts/glyphicons-halflings-regular.woff]
[kasakonsultants.com/wp-content/themes/consultix/fonts/glyphicons-halflings-regular.ttf]
[kasakonsultants.com/wp-content/themes/consultix/css/bootstrap.min.css]
[kasakonsultants.com/wp-content/themes/consultix/fonts/fontawesome-webfont3e6e3e6e.eot]
[kasakonsultants.com/wp-content/themes/consultix/fonts/fontawesome-webfontd41dd41d.eot]
[kasakonsultants.com/wp-content/themes/consultix/fonts/fontawesome-webfont3e6e3e6e.woff2]
[kasakonsultants.com/wp-content/themes/consultix/fonts/fontawesome-webfont3e6e3e6e.woff]
[kasakonsultants.com/wp-content/themes/consultix/fonts/fontawesome-webfont3e6e3e6e.ttf]
[kasakonsultants.com/wp-content/themes/consultix/css/font-awesome.min.css]
[kasakonsultants.com/wp-content/themes/consultix/fonts/elusiveicons-webfont28b528b5.eot]
[kasakonsultants.com/wp-content/themes/consultix/fonts/elusiveicons-webfontd41dd41d.eot]
[kasakonsultants.com/wp-content/themes/consultix/fonts/elusiveicons-webfont28b528b5.woff]
[kasakonsultants.com/wp-content/themes/consultix/fonts/elusiveicons-webfont28b528b5.ttf]
[kasakonsultants.com/wp-content/themes/consultix/css/elusive-icons.min.css]
[kasakonsultants.com/wp-content/themes/consultix/css/animate.min.css]
[kasakonsultants.com/wp-content/plugins/js_composer/assets/vc/alert.png]
[kasakonsultants.com/wp-content/plugins/js_composer/assets/vc/info.png]
[kasakonsultants.com/wp-content/plugins/js_composer/assets/vc/tick.png]
[kasakonsultants.com/wp-content/plugins/js_composer/assets/vc/exclamation.png]
[kasakonsultants.com/wp-content/plugins/js_composer/assets/images/icons/address-book.png]
[kasakonsultants.com/wp-content/plugins/js_composer/assets/images/icons/alarm-clock.png]
[kasakonsultants.com/wp-content/plugins/js_composer/assets/images/icons/anchor.png]
[kasakonsultants.com/wp-content/plugins/js_composer/assets/images/icons/application-image.png]
[kasakonsultants.com/wp-content/plugins/js_composer/assets/images/icons/arrow.png]
[kasakonsultants.com/wp-content/plugins/js_composer/assets/images/icons/asterisk.png]
[kasakonsultants.com/wp-content/plugins/js_composer/assets/images/icons/auction-hammer.png]
[kasakonsultants.com/wp-content/plugins/js_composer/assets/images/icons/balloon.png]
[kasakonsultants.com/wp-content/plugins/js_composer/assets/images/icons/balloon-buzz.png]
[kasakonsultants.com/wp-content/plugins/js_composer/assets/images/icons/balloon-facebook.png]
[kasakonsultants.com/wp-content/plugins/js_composer/assets/images/icons/balloon-twitter.png]
[kasakonsultants.com/wp-content/plugins/js_composer/assets/images/icons/battery-full.png]
[kasakonsultants.com/wp-content/plugins/js_composer/assets/images/icons/binocular.png]
[kasakonsultants.com/wp-content/plugins/js_composer/assets/images/icons/blue-document-excel.png]
[kasakonsultants.com/wp-content/plugins/js_composer/assets/images/icons/blue-document-image.png]
[kasakonsultants.com/wp-content/plugins/js_composer/assets/images/icons/blue-document-music.png]
[kasakonsultants.com/wp-content/plugins/js_composer/assets/images/icons/blue-document-office.png]
[kasakonsultants.com/wp-content/plugins/js_composer/assets/images/icons/blue-document-pdf.png]
[kasakonsultants.com/wp-content/plugins/js_composer/assets/images/icons/blue-document-powerpoint.png]
[kasakonsultants.com/wp-content/plugins/js_composer/assets/images/icons/blue-document-word.png]
[kasakonsultants.com/wp-content/plugins/js_composer/assets/images/icons/bookmark.png]
[kasakonsultants.com/wp-content/plugins/js_composer/assets/images/icons/camcorder.png]
[kasakonsultants.com/wp-content/plugins/js_composer/assets/images/icons/camera.png]
[kasakonsultants.com/wp-content/plugins/js_composer/assets/images/icons/chart.png]
[kasakonsultants.com/wp-content/plugins/js_composer/assets/images/icons/chart-pie.png]
[kasakonsultants.com/wp-content/plugins/js_composer/assets/images/icons/clock.png]
[kasakonsultants.com/wp-content/plugins/js_composer/assets/images/icons/control.png]
[kasakonsultants.com/wp-content/plugins/js_composer/assets/images/icons/fire.png]
[kasakonsultants.com/wp-content/plugins/js_composer/assets/images/icons/heart.png]
[kasakonsultants.com/wp-content/plugins/js_composer/assets/images/icons/mail.png]
[kasakonsultants.com/wp-content/plugins/js_composer/assets/images/icons/plus-shield.png]
[kasakonsultants.com/wp-content/plugins/js_composer/assets/images/icons/video.png]
[kasakonsultants.com/wp-content/plugins/js_composer/assets/fonts/vc_icons_v2/fonts/vcpb-plugin-iconsb82ab82a.eot]
[kasakonsultants.com/wp-content/plugins/js_composer/assets/fonts/vc_icons_v2/fonts/vcpb-plugin-iconsb82ab82a.ttf]
[kasakonsultants.com/wp-content/plugins/js_composer/assets/fonts/vc_icons_v2/fonts/vcpb-plugin-iconsb82ab82a.woff]
[kasakonsultants.com/wp-content/plugins/js_composer/assets/images/toggle_open.png]
[kasakonsultants.com/wp-content/plugins/js_composer/assets/images/toggle_close.png]
[kasakonsultants.com/wp-content/plugins/js_composer/assets/images/flickr.png]
[kasakonsultants.com/wp-content/plugins/js_composer/assets/fonts/vc_grid/vc_grid_v157a157a1.eot]
[kasakonsultants.com/wp-content/plugins/js_composer/assets/fonts/vc_grid/vc_grid_v1d41dd41d.eot]
[kasakonsultants.com/wp-content/plugins/js_composer/assets/fonts/vc_grid/vc_grid_v157a157a1.woff]
[kasakonsultants.com/wp-content/plugins/js_composer/assets/fonts/vc_grid/vc_grid_v157a157a1.ttf]
[kasakonsultants.com/wp-content/plugins/js_composer/assets/images/spinner.gif]
[kasakonsultants.com/wp-content/plugins/js_composer/assets/vc/remove.png]
[kasakonsultants.com/wp-content/plugins/js_composer/assets/css/js_composer.min9b2d9b2d.css]
[kasakonsultants.com/wp-content/themes/consultix/css/radiantthemes-custom.css]
[kasakonsultants.com/wp-content/themes/consultix/css/radiantthemes-responsive.css]
[kasakonsultants.com/wp-content/themes/consultix/css/radiantthemes-header-style-two.css]
[kasakonsultants.com/wp-content/themes/consultix/css/radiantthemes-footer-style-one.css]
[kasakonsultants.com/wp-content/themes/consultix/css/radiantthemes-color-scheme-midnight-blue.css]
[kasakonsultants.com/wp-content/themes/consultix/style36b636b6.css]
[kasakonsultants.com/wp-content/plugins/radiantthemes-addons/button/css/radiantthemes-button-element-one36b636b6.css]
[kasakonsultants.com/wp-json/index.html]
[kasakonsultants.com/xmlrpc0db00db0.html]
[kasakonsultants.com/index-2.html]
[kasakonsultants.com/wp-json/tribe/events/v1/index.html]
[kasakonsultants.com/mission-values/kasa-logo.png]
[kasakonsultants.com/wp-json/wp/v2/pages/5058.json]
[kasakonsultants.com/wp-json/oembed/1.0/embedbd6abd6a.json]
[kasakonsultants.com/wp-json/oembed/1.0/embed06650665]
[kasakonsultants.com/wp-content/uploads/2018/02/contact-info63206320.jpg]
[kasakonsultants.com/wp-content/uploads/2018/02/line-1.png]
[kasakonsultants.com/about-10952.png]
[kasakonsultants.com/wp-content/plugins/radiantthemes-addons/list/css/radiantthemes-list-element-four36b636b6.css]
[kasakonsultants.com/mission-values/index.html]
[kasakonsultants.com/wp-json/wp/v2/pages/8552.json]
[kasakonsultants.com/wp-json/oembed/1.0/embedcd70cd70.json]
[kasakonsultants.com/wp-json/oembed/1.0/embed8fc68fc6]
[kasakonsultants.com/wp-content/uploads/2018/03/c.png]
[kasakonsultants.com/wp-content/uploads/2018/03/b.jpg]
[kasakonsultants.com/wp-content/uploads/2018/03/a.jpg]
[kasakonsultants.com/services.html]
[kasakonsultants.com/wp-json/wp/v2/pages/7035.json]
[kasakonsultants.com/wp-json/oembed/1.0/embed27512751.json]
[kasakonsultants.com/wp-json/oembed/1.0/embedcda8cda8]
[kasakonsultants.com/services/financial-instruments/index.html]
[kasakonsultants.com/services/advisory-services/index.html]
[kasakonsultants.com/Rammed-workshop.html]
[kasakonsultants.com/services/advisory-services/workshop-registration.html]
[kasakonsultants.com/startpro.html]
[kasakonsultants.com/Finished Pro/Residential/1.jpg]
[kasakonsultants.com/Finished Pro/Residential/2.jpg]
[kasakonsultants.com/Finished Pro/Residential/3.jpg]
[kasakonsultants.com/Finished Pro/Residential/4.jpg]
[kasakonsultants.com/Finished Pro/Residential/5.jpg]
[kasakonsultants.com/Finished Pro/Residential/6.jpg]
[kasakonsultants.com/Finished Pro/Residential/WhatsApp Image 2024-10-04 at 09.25.43_91deb81e.jpg]
[kasakonsultants.com/Finished Pro/Residential/WhatsApp Image 2024-10-04 at 09.27.28_af9f1859.jpg]
[kasakonsultants.com/Finished Pro/Residential/WhatsApp Image 2024-10-04 at 09.31.24_d40eb953.jpg]
[kasakonsultants.com/Finished Pro/Residential/WhatsApp Image 2024-10-04 at 09.31.25_662ca873.jpg]
[kasakonsultants.com/Finished Pro/Residential/WhatsApp Image 2024-10-04 at 09.31.25_98df777e.jpg]
[kasakonsultants.com/Finished Pro/Residential/WhatsApp Image 2024-10-04 at 09.31.26_2bbc8a56.jpg]
[kasakonsultants.com/residential.html]
[kasakonsultants.com/Finished Pro/Commercial/WhatsApp Image 2024-10-04 at 09.16.47_0712481d.jpg]
[kasakonsultants.com/Finished Pro/Commercial/WhatsApp Image 2024-10-04 at 09.16.47_3f7d515f.jpg]
[kasakonsultants.com/Finished Pro/Commercial/WhatsApp Image 2024-10-04 at 09.20.34_ab652889.jpg]
[kasakonsultants.com/Finished Pro/Commercial/WhatsApp Image 2024-10-04 at 09.20.35_ae0d4831.jpg]
[kasakonsultants.com/Finished Pro/Commercial/WhatsApp Image 2024-10-04 at 11.31.54_fe09737d.jpg]
[kasakonsultants.com/commercial.html]
[kasakonsultants.com/Finished Pro/Community/WhatsApp Image 2024-10-04 at 09.29.06_a8bbbc19.jpg]
[kasakonsultants.com/Finished Pro/Community/WhatsApp Image 2024-10-04 at 12.32.17_c53f8410.jpg]
[kasakonsultants.com/Finished Pro/Community/WhatsApp Image 2024-10-04 at 12.32.21_4278b82e.jpg]
[kasakonsultants.com/community.html]
[kasakonsultants.com/eligibility-checklist/index.html]
[kasakonsultants.com/wp-json/wp/v2/pages/6567.json]
[kasakonsultants.com/wp-json/oembed/1.0/embed00bc00bc.json]
[kasakonsultants.com/wp-json/oembed/1.0/embed56ef56ef]
[kasakonsultants.com/wp-content/uploads/2018/02/phone-1.png]
[kasakonsultants.com/wp-content/uploads/2018/02/email-1.png]
[kasakonsultants.com/wp-content/uploads/2018/02/map-1.png]
[kasakonsultants.com/contact-us/index.html]
[kasakonsultants.com/projects.html]
[kasakonsultants.com/wp-content/plugins/js_composer/assets/lib/bower/animate-css/animate.min9b2d9b2d.css]
[kasakonsultants.com/wp-content/plugins/radiantthemes-addons/custom-button/css/radiantthemes-custom-button36b636b6.css]
[kasakonsultants.com/wp-content/plugins/everest-forms/assets/fonts/EverestForms60fd60fd.svg]
[kasakonsultants.com/wp-content/plugins/everest-forms/assets/images/icons/loader.svg]
[kasakonsultants.com/wp-content/plugins/responsive-accordion-and-collapse/css/font-awesome/fonts/fontawesome-webfont862f862f.svg]
[kasakonsultants.com/wp-content/plugins/revslider/public/assets/fonts/revicons/revicons90c690c6.svg]
[kasakonsultants.com/wp-content/plugins/revslider/public/assets/css/openhand.html]
[kasakonsultants.com/wp-content/plugins/revslider/public/assets/css/closedhand.html]
[kasakonsultants.com/wp-content/plugins/woocommerce/assets/fonts/star.svg]
[kasakonsultants.com/wp-content/plugins/woocommerce/assets/fonts/WooCommerce.svg]
[kasakonsultants.com/wp-content/plugins/woocommerce/assets/images/icons/loader.svg]
[kasakonsultants.com/wp-content/plugins/woocommerce/assets/images/icons/credit-cards/visa.svg]
[kasakonsultants.com/wp-content/plugins/woocommerce/assets/images/icons/credit-cards/mastercard.svg]
[kasakonsultants.com/wp-content/plugins/woocommerce/assets/images/icons/credit-cards/laser.svg]
[kasakonsultants.com/wp-content/plugins/woocommerce/assets/images/icons/credit-cards/diners.svg]
[kasakonsultants.com/wp-content/plugins/woocommerce/assets/images/icons/credit-cards/maestro.svg]
[kasakonsultants.com/wp-content/plugins/woocommerce/assets/images/icons/credit-cards/jcb.svg]
[kasakonsultants.com/wp-content/plugins/woocommerce/assets/images/icons/credit-cards/amex.svg]
[kasakonsultants.com/wp-content/plugins/woocommerce/assets/images/icons/credit-cards/discover.svg]
[kasakonsultants.com/wp-content/themes/consultix/fonts/glyphicons-halflings-regular.svg]
[kasakonsultants.com/wp-content/themes/consultix/fonts/fontawesome-webfont3e6e3e6e.svg]
[kasakonsultants.com/wp-content/themes/consultix/fonts/elusiveicons-webfont28b528b5.svg]
[kasakonsultants.com/wp-content/plugins/js_composer/assets/fonts/vc_icons_v2/fonts/vcpb-plugin-iconsb82ab82a.svg]
[kasakonsultants.com/wp-content/plugins/js_composer/assets/vc/blur.svg]
[kasakonsultants.com/wp-content/plugins/js_composer/assets/fonts/vc_grid/vc_grid_v157a157a1.svg]
[kasakonsultants.com/wp-content/themes/consultix/images/blog-001-footer-icons.html]
[kasakonsultants.com/wp-content/themes/consultix/images/404-Background-Dark.html]
[kasakonsultants.com/wp-content/themes/consultix/images/404-Background-Light.html]
[kasakonsultants.com/wp-content/themes/consultix/images/Maintenance-Mode-Background.html]
[kasakonsultants.com/wp-content/themes/consultix/images/Coming-Soon-Background.html]
[kasakonsultants.com/wp-content/themes/consultix/css/radiantthemes-gutenberg-blocks99569956.css]
[kasakonsultants.com/indexbf6dbf6d.html]
[kasakonsultants.com/wp-content/plugins/radiantthemes-addons/list/css/radiantthemes-list-element-four36b636b6.css]
[kasakonsultants.com/wp-content/themes/consultix/css/radiantthemes-gutenberg-blocks025a025a.css]
[kasakonsultants.com/indexac18ac18.html]
[kasakonsultants.com/wp-content/themes/consultix/css/radiantthemes-gutenberg-blocks31fc31fc.css]
[kasakonsultants.com/index6e9b6e9b.html]
[kasakonsultants.com/wp-content/themes/consultix/css/radiantthemes-gutenberg-blocks9d209d20.css]
[kasakonsultants.com/index10721072.html]
[kasakonsultants.com/wp-content/plugins/radiantthemes-addons/cf7/css/radiantthemes-contact-form-element-one36b636b6.css]
